exports[`test renders without crashing 1`] = `
<div
  className="App">
  <div
    className="Header">
    <h1>
       Gwent Card Game 
    </h1>
  </div>
  <div
    className="DeckSelectionOptions">
    <div
      className="DeckSelectionOptions">
      <div
        className="SelectionDropdown">
        <label>
          Base Deck
        </label>
        <br />
        <select
          id="SelectionDropdownEl"
          onChange={[Function]}
          value="">
          <option
            value="" />
          <option
            value="northern">
            Northern Realms
          </option>
          <option
            value="nilfgaard">
            Nilfgaardian Empire
          </option>
          <option
            value="monsters">
            Monsters
          </option>
          <option
            value="scoiatael">
            Scoia\'Tael
          </option>
        </select>
      </div>
    </div>
    <button
      className="Hidden"
      onClick={[Function]}>
       Generate Deck! 
    </button>
  </div>
  <div
    className="DeckChoicesAndStats Hidden">
    <div>
      <div
        className="LeaderTableDiv">
        <h2>
          
        </h2>
        <div
          className="fixedDataTableLayout_main public_fixedDataTable_main"
          onWheel={[Function]}
          style={
            Object {
              "height": 32,
              "width": 535,
            }
          }>
          <div
            className="fixedDataTableLayout_rowsContainer"
            style={
              Object {
                "height": 30,
                "width": 535,
              }
            }>
            <div
              className="fixedDataTableColumnResizerLineLayout_main fixedDataTableColumnResizerLineLayout_hiddenElem public_fixedDataTableColumnResizerLine_main"
              style={
                Object {
                  "height": 32,
                  "left": 0,
                  "width": 0,
                }
              }>
              <div
                className="fixedDataTableColumnResizerLineLayout_mouseArea"
                style={
                  Object {
                    "height": 32,
                  }
                } />
            </div>
            <div
              className="fixedDataTableRowLayout_rowWrapper"
              style={
                Object {
                  "height": 30,
                  "left": "0px",
                  "top": "0px",
                  "width": 535,
                  "zIndex": 1,
                }
              }>
              <div
                className="fixedDataTableRowLayout_main public_fixedDataTableRow_main fixedDataTableLayout_header public_fixedDataTable_header"
                onClick={null}
                onDoubleClick={null}
                onMouseDown={null}
                onMouseEnter={null}
                onMouseLeave={null}
                style={
                  Object {
                    "height": 30,
                    "width": 535,
                  }
                }>
                <div
                  className="fixedDataTableRowLayout_body">
                  <div
                    className="fixedDataTableCellGroupLayout_cellGroupWrapper"
                    style={
                      Object {
                        "height": 30,
                        "left": 0,
                      }
                    }>
                    <div
                      className="fixedDataTableCellGroupLayout_cellGroup"
                      style={
                        Object {
                          "height": 30,
                          "left": "0px",
                          "position": "absolute",
                          "top": "0px",
                          "width": 0,
                          "zIndex": 2,
                        }
                      } />
                  </div>
                  <div
                    className="fixedDataTableCellGroupLayout_cellGroupWrapper"
                    style={
                      Object {
                        "height": 30,
                        "left": 0,
                      }
                    }>
                    <div
                      className="fixedDataTableCellGroupLayout_cellGroup"
                      style={
                        Object {
                          "height": 30,
                          "left": "0px",
                          "position": "absolute",
                          "top": "0px",
                          "width": 535,
                          "zIndex": 0,
                        }
                      }>
                      <div
                        className="fixedDataTableCellLayout_main public_fixedDataTableCell_main"
                        style={
                          Object {
                            "height": 30,
                            "left": 0,
                            "width": 30,
                          }
                        }>
                        <div
                          className="fixedDataTableCellLayout_wrap1 public_fixedDataTableCell_wrap1"
                          style={
                            Object {
                              "height": 30,
                              "width": 30,
                            }
                          }>
                          <div
                            className="fixedDataTableCellLayout_wrap2 public_fixedDataTableCell_wrap2">
                            <div
                              className="fixedDataTableCellLayout_wrap3 public_fixedDataTableCell_wrap3">
                              <div
                                className="public_fixedDataTableCell_cellContent">
                                 
                              </div>
                            </div>
                          </div>
                        </div>
                      </div>
                      <div
                        className="fixedDataTableCellLayout_main public_fixedDataTableCell_main"
                        style={
                          Object {
                            "height": 30,
                            "left": 30,
                            "width": 55,
                          }
                        }>
                        <div
                          className="fixedDataTableCellLayout_wrap1 public_fixedDataTableCell_wrap1"
                          style={
                            Object {
                              "height": 30,
                              "width": 55,
                            }
                          }>
                          <div
                            className="fixedDataTableCellLayout_wrap2 public_fixedDataTableCell_wrap2">
                            <div
                              className="fixedDataTableCellLayout_wrap3 public_fixedDataTableCell_wrap3">
                              <div
                                className="public_fixedDataTableCell_cellContent">
                                 Card 
                              </div>
                            </div>
                          </div>
                        </div>
                      </div>
                      <div
                        className="fixedDataTableCellLayout_main public_fixedDataTableCell_main"
                        style={
                          Object {
                            "height": 30,
                            "left": 85,
                            "width": 250,
                          }
                        }>
                        <div
                          className="fixedDataTableCellLayout_wrap1 public_fixedDataTableCell_wrap1"
                          style={
                            Object {
                              "height": 30,
                              "width": 250,
                            }
                          }>
                          <div
                            className="fixedDataTableCellLayout_wrap2 public_fixedDataTableCell_wrap2">
                            <div
                              className="fixedDataTableCellLayout_wrap3 public_fixedDataTableCell_wrap3">
                              <div
                                className="public_fixedDataTableCell_cellContent">
                                 Leader Name 
                              </div>
                            </div>
                          </div>
                        </div>
                      </div>
                      <div
                        className="fixedDataTableCellLayout_main public_fixedDataTableCell_main"
                        style={
                          Object {
                            "height": 30,
                            "left": 335,
                            "width": 200,
                          }
                        }>
                        <div
                          className="fixedDataTableCellLayout_wrap1 public_fixedDataTableCell_wrap1"
                          style={
                            Object {
                              "height": 30,
                              "width": 200,
                            }
                          }>
                          <div
                            className="fixedDataTableCellLayout_wrap2 public_fixedDataTableCell_wrap2">
                            <div
                              className="fixedDataTableCellLayout_wrap3 public_fixedDataTableCell_wrap3">
                              <div
                                className="public_fixedDataTableCell_cellContent">
                                 Ability 
                              </div>
                            </div>
                          </div>
                        </div>
                      </div>
                    </div>
                  </div>
                </div>
              </div>
            </div>
            <div
              style={
                Object {
                  "left": "0px",
                  "pointerEvents": "auto",
                  "position": "absolute",
                  "top": "30px",
                }
              } />
          </div>
        </div>
      </div>
      <div
        className="DeckTableDiv">
        <h2>
          
        </h2>
        <div
          className="fixedDataTableLayout_main public_fixedDataTable_main"
          onWheel={[Function]}
          style={
            Object {
              "height": 32,
              "width": 700,
            }
          }>
          <div
            className="fixedDataTableLayout_rowsContainer"
            style={
              Object {
                "height": 30,
                "width": 700,
              }
            }>
            <div
              className="fixedDataTableColumnResizerLineLayout_main fixedDataTableColumnResizerLineLayout_hiddenElem public_fixedDataTableColumnResizerLine_main"
              style={
                Object {
                  "height": 32,
                  "left": 0,
                  "width": 0,
                }
              }>
              <div
                className="fixedDataTableColumnResizerLineLayout_mouseArea"
                style={
                  Object {
                    "height": 32,
                  }
                } />
            </div>
            <div
              className="fixedDataTableRowLayout_rowWrapper"
              style={
                Object {
                  "height": 30,
                  "left": "0px",
                  "top": "0px",
                  "width": 700,
                  "zIndex": 1,
                }
              }>
              <div
                className="fixedDataTableRowLayout_main public_fixedDataTableRow_main fixedDataTableLayout_header public_fixedDataTable_header"
                onClick={null}
                onDoubleClick={null}
                onMouseDown={null}
                onMouseEnter={null}
                onMouseLeave={null}
                style={
                  Object {
                    "height": 30,
                    "width": 700,
                  }
                }>
                <div
                  className="fixedDataTableRowLayout_body">
                  <div
                    className="fixedDataTableCellGroupLayout_cellGroupWrapper"
                    style={
                      Object {
                        "height": 30,
                        "left": 0,
                      }
                    }>
                    <div
                      className="fixedDataTableCellGroupLayout_cellGroup"
                      style={
                        Object {
                          "height": 30,
                          "left": "0px",
                          "position": "absolute",
                          "top": "0px",
                          "width": 0,
                          "zIndex": 2,
                        }
                      } />
                  </div>
                  <div
                    className="fixedDataTableCellGroupLayout_cellGroupWrapper"
                    style={
                      Object {
                        "height": 30,
                        "left": 0,
                      }
                    }>
                    <div
                      className="fixedDataTableCellGroupLayout_cellGroup"
                      style={
                        Object {
                          "height": 30,
                          "left": "0px",
                          "position": "absolute",
                          "top": "0px",
                          "width": 695,
                          "zIndex": 0,
                        }
                      }>
                      <div
                        className="fixedDataTableCellLayout_main public_fixedDataTableCell_main"
                        style={
                          Object {
                            "height": 30,
                            "left": 0,
                            "width": 30,
                          }
                        }>
                        <div
                          className="fixedDataTableCellLayout_wrap1 public_fixedDataTableCell_wrap1"
                          style={
                            Object {
                              "height": 30,
                              "width": 30,
                            }
                          }>
                          <div
                            className="fixedDataTableCellLayout_wrap2 public_fixedDataTableCell_wrap2">
                            <div
                              className="fixedDataTableCellLayout_wrap3 public_fixedDataTableCell_wrap3">
                              <div
                                className="public_fixedDataTableCell_cellContent">
                                 
                              </div>
                            </div>
                          </div>
                        </div>
                      </div>
                      <div
                        className="fixedDataTableCellLayout_main public_fixedDataTableCell_main"
                        style={
                          Object {
                            "height": 30,
                            "left": 30,
                            "width": 55,
                          }
                        }>
                        <div
                          className="fixedDataTableCellLayout_wrap1 public_fixedDataTableCell_wrap1"
                          style={
                            Object {
                              "height": 30,
                              "width": 55,
                            }
                          }>
                          <div
                            className="fixedDataTableCellLayout_wrap2 public_fixedDataTableCell_wrap2">
                            <div
                              className="fixedDataTableCellLayout_wrap3 public_fixedDataTableCell_wrap3">
                              <div
                                className="public_fixedDataTableCell_cellContent">
                                 Card 
                              </div>
                            </div>
                          </div>
                        </div>
                      </div>
                      <div
                        className="fixedDataTableCellLayout_main public_fixedDataTableCell_main"
                        style={
                          Object {
                            "height": 30,
                            "left": 85,
                            "width": 200,
                          }
                        }>
                        <div
                          className="fixedDataTableCellLayout_wrap1 public_fixedDataTableCell_wrap1"
                          style={
                            Object {
                              "height": 30,
                              "width": 200,
                            }
                          }>
                          <div
                            className="fixedDataTableCellLayout_wrap2 public_fixedDataTableCell_wrap2">
                            <div
                              className="fixedDataTableCellLayout_wrap3 public_fixedDataTableCell_wrap3">
                              <div
                                className="public_fixedDataTableCell_cellContent">
                                 Name 
                              </div>
                            </div>
                          </div>
                        </div>
                      </div>
                      <div
                        className="fixedDataTableCellLayout_main public_fixedDataTableCell_main"
                        style={
                          Object {
                            "height": 30,
                            "left": 285,
                            "width": 115,
                          }
                        }>
                        <div
                          className="fixedDataTableCellLayout_wrap1 public_fixedDataTableCell_wrap1"
                          style={
                            Object {
                              "height": 30,
                              "width": 115,
                            }
                          }>
                          <div
                            className="fixedDataTableCellLayout_wrap2 public_fixedDataTableCell_wrap2">
                            <div
                              className="fixedDataTableCellLayout_wrap3 public_fixedDataTableCell_wrap3">
                              <div
                                className="public_fixedDataTableCell_cellContent">
                                 Type 
                              </div>
                            </div>
                          </div>
                        </div>
                      </div>
                      <div
                        className="fixedDataTableCellLayout_main public_fixedDataTableCell_main"
                        style={
                          Object {
                            "height": 30,
                            "left": 400,
                            "width": 90,
                          }
                        }>
                        <div
                          className="fixedDataTableCellLayout_wrap1 public_fixedDataTableCell_wrap1"
                          style={
                            Object {
                              "height": 30,
                              "width": 90,
                            }
                          }>
                          <div
                            className="fixedDataTableCellLayout_wrap2 public_fixedDataTableCell_wrap2">
                            <div
                              className="fixedDataTableCellLayout_wrap3 public_fixedDataTableCell_wrap3">
                              <div
                                className="public_fixedDataTableCell_cellContent">
                                 Position 
                              </div>
                            </div>
                          </div>
                        </div>
                      </div>
                      <div
                        className="fixedDataTableCellLayout_main public_fixedDataTableCell_main"
                        style={
                          Object {
                            "height": 30,
                            "left": 490,
                            "width": 80,
                          }
                        }>
                        <div
                          className="fixedDataTableCellLayout_wrap1 public_fixedDataTableCell_wrap1"
                          style={
                            Object {
                              "height": 30,
                              "width": 80,
                            }
                          }>
                          <div
                            className="fixedDataTableCellLayout_wrap2 public_fixedDataTableCell_wrap2">
                            <div
                              className="fixedDataTableCellLayout_wrap3 public_fixedDataTableCell_wrap3">
                              <div
                                className="public_fixedDataTableCell_cellContent">
                                 Score 
                              </div>
                            </div>
                          </div>
                        </div>
                      </div>
                      <div
                        className="fixedDataTableCellLayout_main public_fixedDataTableCell_main"
                        style={
                          Object {
                            "height": 30,
                            "left": 570,
                            "width": 125,
                          }
                        }>
                        <div
                          className="fixedDataTableCellLayout_wrap1 public_fixedDataTableCell_wrap1"
                          style={
                            Object {
                              "height": 30,
                              "width": 125,
                            }
                          }>
                          <div
                            className="fixedDataTableCellLayout_wrap2 public_fixedDataTableCell_wrap2">
                            <div
                              className="fixedDataTableCellLayout_wrap3 public_fixedDataTableCell_wrap3">
                              <div
                                className="public_fixedDataTableCell_cellContent">
                                 Ability 
                              </div>
                            </div>
                          </div>
                        </div>
                      </div>
                    </div>
                  </div>
                </div>
              </div>
            </div>
            <div
              style={
                Object {
                  "left": "0px",
                  "pointerEvents": "auto",
                  "position": "absolute",
                  "top": "30px",
                }
              } />
          </div>
        </div>
      </div>
    </div>
    <div
      className="DeckStats">
      <div>
        <h2>
           Deck Stats 
        </h2>
        <h3>
           Total Cards in Deck 
        </h3>
        <p>
          0
        </p>
      </div>
      <div>
        <h3>
           Number of Unit Cards 
        </h3>
        <p>
          0
        </p>
      </div>
      <div>
        <h3>
           Special Cards 
        </h3>
        <p>
          0
        </p>
      </div>
      <div>
        <h3>
           Total Unit Strength 
        </h3>
        <p>
          0
        </p>
      </div>
      <div>
        <h3>
           Hero Cards 
        </h3>
        <p>
          0
        </p>
      </div>
    </div>
    <div
      className="DeckTableDiv">
      <h2>
        Neutral Deck
      </h2>
      <div
        className="fixedDataTableLayout_main public_fixedDataTable_main"
        onWheel={[Function]}
        style={
          Object {
            "height": 32,
            "width": 700,
          }
        }>
        <div
          className="fixedDataTableLayout_rowsContainer"
          style={
            Object {
              "height": 30,
              "width": 700,
            }
          }>
          <div
            className="fixedDataTableColumnResizerLineLayout_main fixedDataTableColumnResizerLineLayout_hiddenElem public_fixedDataTableColumnResizerLine_main"
            style={
              Object {
                "height": 32,
                "left": 0,
                "width": 0,
              }
            }>
            <div
              className="fixedDataTableColumnResizerLineLayout_mouseArea"
              style={
                Object {
                  "height": 32,
                }
              } />
          </div>
          <div
            className="fixedDataTableRowLayout_rowWrapper"
            style={
              Object {
                "height": 30,
                "left": "0px",
                "top": "0px",
                "width": 700,
                "zIndex": 1,
              }
            }>
            <div
              className="fixedDataTableRowLayout_main public_fixedDataTableRow_main fixedDataTableLayout_header public_fixedDataTable_header"
              onClick={null}
              onDoubleClick={null}
              onMouseDown={null}
              onMouseEnter={null}
              onMouseLeave={null}
              style={
                Object {
                  "height": 30,
                  "width": 700,
                }
              }>
              <div
                className="fixedDataTableRowLayout_body">
                <div
                  className="fixedDataTableCellGroupLayout_cellGroupWrapper"
                  style={
                    Object {
                      "height": 30,
                      "left": 0,
                    }
                  }>
                  <div
                    className="fixedDataTableCellGroupLayout_cellGroup"
                    style={
                      Object {
                        "height": 30,
                        "left": "0px",
                        "position": "absolute",
                        "top": "0px",
                        "width": 0,
                        "zIndex": 2,
                      }
                    } />
                </div>
                <div
                  className="fixedDataTableCellGroupLayout_cellGroupWrapper"
                  style={
                    Object {
                      "height": 30,
                      "left": 0,
                    }
                  }>
                  <div
                    className="fixedDataTableCellGroupLayout_cellGroup"
                    style={
                      Object {
                        "height": 30,
                        "left": "0px",
                        "position": "absolute",
                        "top": "0px",
                        "width": 695,
                        "zIndex": 0,
                      }
                    }>
                    <div
                      className="fixedDataTableCellLayout_main public_fixedDataTableCell_main"
                      style={
                        Object {
                          "height": 30,
                          "left": 0,
                          "width": 30,
                        }
                      }>
                      <div
                        className="fixedDataTableCellLayout_wrap1 public_fixedDataTableCell_wrap1"
                        style={
                          Object {
                            "height": 30,
                            "width": 30,
                          }
                        }>
                        <div
                          className="fixedDataTableCellLayout_wrap2 public_fixedDataTableCell_wrap2">
                          <div
                            className="fixedDataTableCellLayout_wrap3 public_fixedDataTableCell_wrap3">
                            <div
                              className="public_fixedDataTableCell_cellContent">
                               
                            </div>
                          </div>
                        </div>
                      </div>
                    </div>
                    <div
                      className="fixedDataTableCellLayout_main public_fixedDataTableCell_main"
                      style={
                        Object {
                          "height": 30,
                          "left": 30,
                          "width": 55,
                        }
                      }>
                      <div
                        className="fixedDataTableCellLayout_wrap1 public_fixedDataTableCell_wrap1"
                        style={
                          Object {
                            "height": 30,
                            "width": 55,
                          }
                        }>
                        <div
                          className="fixedDataTableCellLayout_wrap2 public_fixedDataTableCell_wrap2">
                          <div
                            className="fixedDataTableCellLayout_wrap3 public_fixedDataTableCell_wrap3">
                            <div
                              className="public_fixedDataTableCell_cellContent">
                               Card 
                            </div>
                          </div>
                        </div>
                      </div>
                    </div>
                    <div
                      className="fixedDataTableCellLayout_main public_fixedDataTableCell_main"
                      style={
                        Object {
                          "height": 30,
                          "left": 85,
                          "width": 200,
                        }
                      }>
                      <div
                        className="fixedDataTableCellLayout_wrap1 public_fixedDataTableCell_wrap1"
                        style={
                          Object {
                            "height": 30,
                            "width": 200,
                          }
                        }>
                        <div
                          className="fixedDataTableCellLayout_wrap2 public_fixedDataTableCell_wrap2">
                          <div
                            className="fixedDataTableCellLayout_wrap3 public_fixedDataTableCell_wrap3">
                            <div
                              className="public_fixedDataTableCell_cellContent">
                               Name 
                            </div>
                          </div>
                        </div>
                      </div>
                    </div>
                    <div
                      className="fixedDataTableCellLayout_main public_fixedDataTableCell_main"
                      style={
                        Object {
                          "height": 30,
                          "left": 285,
                          "width": 115,
                        }
                      }>
                      <div
                        className="fixedDataTableCellLayout_wrap1 public_fixedDataTableCell_wrap1"
                        style={
                          Object {
                            "height": 30,
                            "width": 115,
                          }
                        }>
                        <div
                          className="fixedDataTableCellLayout_wrap2 public_fixedDataTableCell_wrap2">
                          <div
                            className="fixedDataTableCellLayout_wrap3 public_fixedDataTableCell_wrap3">
                            <div
                              className="public_fixedDataTableCell_cellContent">
                               Type 
                            </div>
                          </div>
                        </div>
                      </div>
                    </div>
                    <div
                      className="fixedDataTableCellLayout_main public_fixedDataTableCell_main"
                      style={
                        Object {
                          "height": 30,
                          "left": 400,
                          "width": 90,
                        }
                      }>
                      <div
                        className="fixedDataTableCellLayout_wrap1 public_fixedDataTableCell_wrap1"
                        style={
                          Object {
                            "height": 30,
                            "width": 90,
                          }
                        }>
                        <div
                          className="fixedDataTableCellLayout_wrap2 public_fixedDataTableCell_wrap2">
                          <div
                            className="fixedDataTableCellLayout_wrap3 public_fixedDataTableCell_wrap3">
                            <div
                              className="public_fixedDataTableCell_cellContent">
                               Position 
                            </div>
                          </div>
                        </div>
                      </div>
                    </div>
                    <div
                      className="fixedDataTableCellLayout_main public_fixedDataTableCell_main"
                      style={
                        Object {
                          "height": 30,
                          "left": 490,
                          "width": 80,
                        }
                      }>
                      <div
                        className="fixedDataTableCellLayout_wrap1 public_fixedDataTableCell_wrap1"
                        style={
                          Object {
                            "height": 30,
                            "width": 80,
                          }
                        }>
                        <div
                          className="fixedDataTableCellLayout_wrap2 public_fixedDataTableCell_wrap2">
                          <div
                            className="fixedDataTableCellLayout_wrap3 public_fixedDataTableCell_wrap3">
                            <div
                              className="public_fixedDataTableCell_cellContent">
                               Score 
                            </div>
                          </div>
                        </div>
                      </div>
                    </div>
                    <div
                      className="fixedDataTableCellLayout_main public_fixedDataTableCell_main"
                      style={
                        Object {
                          "height": 30,
                          "left": 570,
                          "width": 125,
                        }
                      }>
                      <div
                        className="fixedDataTableCellLayout_wrap1 public_fixedDataTableCell_wrap1"
                        style={
                          Object {
                            "height": 30,
                            "width": 125,
                          }
                        }>
                        <div
                          className="fixedDataTableCellLayout_wrap2 public_fixedDataTableCell_wrap2">
                          <div
                            className="fixedDataTableCellLayout_wrap3 public_fixedDataTableCell_wrap3">
                            <div
                              className="public_fixedDataTableCell_cellContent">
                               Ability 
                            </div>
                          </div>
                        </div>
                      </div>
                    </div>
                  </div>
                </div>
              </div>
            </div>
          </div>
          <div
            style={
              Object {
                "left": "0px",
                "pointerEvents": "auto",
                "position": "absolute",
                "top": "30px",
              }
            } />
        </div>
      </div>
    </div>
  </div>
</div>
`;
